
$ ./sfdata
./tests/test-cli.sh: line 19: ./sfdata: No such file or directory

---
$ ./sfdata unknown_command
./tests/test-cli.sh: line 19: ./sfdata: No such file or directory

---
$ ./sfdata --help
./tests/test-cli.sh: line 19: ./sfdata: No such file or directory

---
$ ./sfdata purge
./tests/test-cli.sh: line 19: ./sfdata: No such file or directory

---
$ ./sfdata purge --help
./tests/test-cli.sh: line 19: ./sfdata: No such file or directory

---
$ ./sfdata check --help
./tests/test-cli.sh: line 19: ./sfdata: No such file or directory

---
$ ./sfdata pruneEntities --help
./tests/test-cli.sh: line 19: ./sfdata: No such file or directory

---
$ ./sfdata import --help
./tests/test-cli.sh: line 19: ./sfdata: No such file or directory

---
$ ./sfdata validate --help
./tests/test-cli.sh: line 19: ./sfdata: No such file or directory

---
$ ./sfdata compact --help
./tests/test-cli.sh: line 19: ./sfdata: No such file or directory

---
$ ./sfdata reduce --help
./tests/test-cli.sh: line 19: ./sfdata: No such file or directory

---
$ ./sfdata public --help
./tests/test-cli.sh: line 19: ./sfdata: No such file or directory

---
$ ./sfdata etablissements --help
./tests/test-cli.sh: line 19: ./sfdata: No such file or directory

---
$ ./sfdata entreprises --help
./tests/test-cli.sh: line 19: ./sfdata: No such file or directory

---
$ ./sfdata purgeNotCompacted --help
./tests/test-cli.sh: line 19: ./sfdata: No such file or directory

---
$ ./sfdata parseFile --help
./tests/test-cli.sh: line 19: ./sfdata: No such file or directory

---
